---
source: egglog/src/proofs/proof_tests.rs
expression: snapshot
---
(ruleset __parent)
(ruleset __rebuilding)
(ruleset __rebuilding_cleanup)
(ruleset __subsume_ruleset)
(sort Math :internal-uf __UF_Math)
(function __UF_Math (Math) (Math Unit) :merge ((set (__UF_Math (ordering-max old0 new0)) (values (ordering-min old0 new0) ())) (values (ordering-min old0 new0) ())) :unextractable :internal-hidden :internal-identity-vals 1)
(rule ((= (values __uf_b __uf_pb) (__UF_Math __uf_a))
       (= (values __uf_c __uf_pc) (__UF_Math __uf_b))
       (!= __uf_b __uf_c))
      ((set (__UF_Math __uf_a) (values __uf_c ())))
        :ruleset __parent :name "__uf_path_compress")
(function Num (i64) (Math Unit) :merge ((set (__UF_Math (ordering-max old0 new0)) (values (ordering-min old0 new0) ())) (values (ordering-min old0 new0) ())) :internal-view constructor :internal-identity-vals 1)
(index __NumOcc_Math Num (any 1))
(rule ((= (values __pv1 __pv2) (__UF_Math __pv))
       (!= __pv __pv1)
       (__NumOcc_Math __pv c0_ e1_ __pv3))
      ((let e1_canon_ (__UF_Math_canon e1_ e1_))
       (delete (Num c0_))
       (set (Num c0_) (values e1_canon_ ())))
        :ruleset __rebuilding :name "__rebuild_rule" :unsafe-seminaive :internal-include-subsumed)
(function Add (Math Math) (Math Unit) :merge ((set (__UF_Math (ordering-max old0 new0)) (values (ordering-min old0 new0) ())) (values (ordering-min old0 new0) ())) :internal-view constructor :internal-identity-vals 1)
(index __AddOcc_Math Add (any 0 1 2))
(rule ((= (values __pv5 __pv6) (__UF_Math __pv4))
       (!= __pv4 __pv5)
       (__AddOcc_Math __pv4 c0_ c1_ e2_ __pv7))
      ((let c0_canon_ (__UF_Math_canon c0_ c0_))
       (let c1_canon_ (__UF_Math_canon c1_ c1_))
       (let e2_canon_ (__UF_Math_canon e2_ e2_))
       (delete (Add c0_ c1_))
       (set (Add c0_canon_ c1_canon_) (values e2_canon_ ())))
        :ruleset __rebuilding :name "__rebuild_rule1" :unsafe-seminaive :internal-include-subsumed)
(begin
   (let __pv8 (get-fresh! "Math"))
   (let __pv9 (set-if-empty-Num! 1 __pv8 ()))
   (let __pv10 (get-fresh! "Math"))
   (let __pv11 (set-if-empty-Num! 2 __pv10 ()))
   (let __pv12 (get-fresh! "Math"))
   (let __pv13 (set-if-empty-Add! __pv9 __pv11 __pv12 ()))
)
(rule ((= (values __pv14 __pv15) (Add a b)))
      ((let __pv16 (get-fresh! "Math"))
       (let __pv17 (set-if-empty-Add! a b __pv16 ()))
       (let __union_operand __pv17)
       (set (Add b a) (values __union_operand ()))
       (let __union_operand1 __union_operand))
         :name "commutativity")
(check (= (values __pv18 __pv19) (Num 1))
(= (values __pv20 __pv21) (Num 2))
(= (values __pv22 __pv23) (Add __pv18 __pv20))
(= (values __pv24 __pv25) (Num 2))
(= (values __pv26 __pv27) (Num 1))
(= (values __pv28 __pv29) (Add __pv24 __pv26))
(= __pv22 __pv28))
(run-schedule (seq (saturate (seq (run __rebuilding_cleanup) (saturate (run __parent)) (run __rebuilding))) (run __subsume_ruleset)))
