---
source: egglog/src/proofs/proof_tests.rs
expression: snapshot
---
(ruleset __parent)
(ruleset __rebuilding)
(ruleset __rebuilding_cleanup)
(ruleset __subsume_ruleset)
(sort Math :internal-uf __UF_Math)
(function __UF_Math (Math) (Math Unit) :merge ((set (__UF_Math (ordering-max old0 new0)) (values (ordering-min old0 new0) ())) (values (ordering-min old0 new0) ())) :unextractable :internal-hidden :internal-identity-vals 1)
(rule ((= (values __uf_b __uf_pb) (__UF_Math __uf_a))
       (= (values __uf_c __uf_pc) (__UF_Math __uf_b))
       (!= __uf_b __uf_c))
      ((set (__UF_Math __uf_a) (values __uf_c ())))
        :ruleset __parent :name "__uf_path_compress")
(function Add (i64 i64) (Math Unit) :merge ((set (__UF_Math (ordering-max old0 new0)) (values (ordering-min old0 new0) ())) (values (ordering-min old0 new0) ())) :internal-view :internal-identity-vals 1)
(index __AddOcc_Math Add (any 2))
(rule ((= (values __pv1 __pv2) (__UF_Math __pv))
       (!= __pv __pv1)
       (__AddOcc_Math __pv c0_ c1_ e2_ __pv3))
      ((let e2_canon_ (__UF_Math_canon e2_ e2_))
       (delete (Add c0_ c1_))
       (set (Add c0_ c1_) (values e2_canon_ ())))
        :ruleset __rebuilding :name "__rebuild_rule" :unsafe-seminaive :internal-include-subsumed)
(begin
   (let __pv4 (get-fresh! "Math"))
   (let __pv5 (set-if-empty-Add! 1 2 __pv4 ()))
)
(rule ((= (values __pv6 __pv7) (Add a b)))
      ((let __pv8 (get-fresh! "Math"))
       (let __pv9 (set-if-empty-Add! a b __pv8 ()))
       (let __union_operand __pv9)
       (set (Add b a) (values __union_operand ()))
       (let __union_operand1 __union_operand))
         :name "commutativity")
(check (= (values __pv10 __pv11) (Add 1 2))
(= (values __pv12 __pv13) (Add 2 1))
(= __pv10 __pv12))
(run-schedule (seq (saturate (seq (run __rebuilding_cleanup) (saturate (run __parent)) (run __rebuilding))) (run __subsume_ruleset)))
