---
source: egglog/tests/files.rs
expression: shared_snapshot
---
((Add 1)
 (AllBitwidthsMatch 9)
 (And 1)
 (BV 1)
 (Bitvector 2)
 (Bitwise 3)
 (CRString 0)
 (Concat 0)
 (Eq 1)
 (ExprCons 0)
 (ExprNil 0)
 (Extract 2)
 (GetOutput 0)
 (HasType 702)
 (Hole 0)
 (Input 1)
 (InputBitwidthsMatchOutputBitwidthConst 2)
 (IsPort 3)
 (LogicAnd 0)
 (LogicNot 0)
 (LogicOr 0)
 (MakeModule 0)
 (ModuleInstance 0)
 (ModuleType 0)
 (Mul 1)
 (Mux 0)
 (Ne 1)
 (Not 1)
 (Op0 1)
 (Op0_ 0)
 (Op1 509)
 (Op1_ 0)
 (Op2 509)
 (Op2_ 0)
 (Op3 0)
 (Op3_ 0)
 (Or 1)
 (Output 1)
 (PrimitiveInterfaceDSP 126)
 (PrimitiveInterfaceDSP3 63)
 (ReduceAnd 0)
 (ReduceOr 0)
 (ReduceXor 0)
 (Reg 0)
 (Shl 1)
 (Shr 1)
 (SignExtend 0)
 (StringCons 0)
 (StringNil 0)
 (Sub 1)
 (Var 2)
 (Var_ 0)
 (Wire 3)
 (Xor 1)
 (ZeroExtend 1)
 (apply 0))
