---
source: egglog/tests/files.rs
expression: proof_snapshot
---
(let t0 (g* (g* (AConst) (AConst)) (g* (AConst) (AConst))))
(let t1 (g* t0 t0))
(Fiat (= t1 t1))
(let t0 (g* (g* (AConst) (AConst)) (g* (AConst) (AConst))))
(let t1 (g* t0 t0))
(Rule
  (= t1 (g* (g* (AConst) (AConst)) (g* (g* (AConst) (AConst)) t0)))
  (name "(birewrite (g* (g* a b) c) (g* a (g* b c)))=>")
  (premises (Fiat (= t1 t1)))
  (substitution
    (@rewrite_var__ t1)
    (a (g* (AConst) (AConst)))
    (b (g* (AConst) (AConst)))
    (c t0)))
(let t0 (g* (inv (aConst)) (aConst)))
(let t1 (g* (g* (bConst) t0) (inv (bConst))))
(let t2 (g* t0 (inv (bConst))))
(let t3 (premises (Fiat (= t1 t1))))
(let t4 (substitution (@rewrite_var__ t1) (a (bConst)) (b t0) (c (inv (bConst)))))
(Congr
  (= t1 (g* (bConst) (inv (bConst))))
  (Rule
    (= t1 (g* (bConst) t2))
    (name "(birewrite (g* (g* a b) c) (g* a (g* b c)))=>")
    t3
    t4)
  (Rule
    (= t2 (inv (bConst)))
    (name "(rewrite (g* $I a) a)")
    (premises
      (Congr
        (= t2 (g* (IConst) (inv (bConst))))
        (Rule
          (= t2 t2)
          (name "(birewrite (g* (g* a b) c) (g* a (g* b c)))=>")
          t3
          t4)
        (Rule
          (= t0 (IConst))
          (name "(rewrite (g* (inv a) a) $I)")
          (premises (Fiat (= t0 t0)))
          (substitution (@rewrite_var__4 t0) (a (aConst))))
        0))
    (substitution (@rewrite_var__2 t2) (a (inv (bConst)))))
  1)
(let t0 (g* (bConst) (inv (bConst))))
(Rule
  (= t0 (IConst))
  (name "(rewrite (g* a (inv a)) $I)")
  (premises (Fiat (= t0 t0)))
  (substitution (@rewrite_var__5 t0) (a (bConst))))
