---
source: egglog/tests/files.rs
expression: proof_snapshot
---
(let t0 (vec-of (vec-of (w (b)))))
(let t1 (p t0))
(let prf0 (Fiat (= t1 t1)))
(let prf1 (Proj (= t0 t0) prf0 0))
(Rule
  (= t1 (b))
  (name "(rewrite (p (vec-of (vec-of (b)))) (b))")
  (premises
    (Fiat (= (b) (b)))
    (Eval)
    (Congr
      (= t1 (p (vec-of (vec-of (b)))))
      prf0
      (Congr
        (= t0 (vec-of (vec-of (b))))
        prf1
        (Congr
          (= (vec-of (w (b))) (vec-of (b)))
          (Proj (= (vec-of (w (b))) (vec-of (w (b)))) prf1 0)
          (Rule
            (= (w (b)) (b))
            (name "(rewrite (w x) x)")
            (premises (Fiat (= (w (b)) (w (b)))))
            (substitution (@rewrite_var__ (w (b))) (x (b))))
          0)
        0)
      0))
  (substitution (@v (b)) (@rewrite_var__1 t1) (@v1 (vec-of (vec-of (b))))))
