---
source: egglog-experimental/tests/files.rs
expression: snapshot
---
(let t0 (Value 0 (RankedTensor (vec-of 73 77) (I32))))
(let t1 (RankedTensor (vec-of 77 99) (I32)))
(let t2 (Value 1 t1))
(let t3 (RankedTensor (vec-of 73 99) (I32)))
(let t4 (tensor_empty t3))
(let t5 (RankedTensor (vec-of 99 39) (I32)))
(let t6 (Value 2 t5))
(let t7 (RankedTensor (vec-of 73 39) (I32)))
(let t8 (tensor_empty t7))
(let t9 (linalg_matmul (linalg_matmul t0 t2 t4 t3) t6 t8 t7))
(let t10 (RankedTensor (vec-of 77 39) (I32)))
(let t11 (type-of t2 t1))
(let t12 (?t t1))
(let t13 (nrows t1 77))
(let t14 (type-of t6 t5))
(let t15 (?t t5))
(let t16 (ncols t5 39))
(Rule
  (= t9 (linalg_matmul t0 (linalg_matmul t2 t6 (tensor_empty t10) t10) t8 t7))
  (name
    "(rule ((= ?lhs (linalg_matmul (linalg_matmul ?x ?y ?xy ?xy_t) ?z ?xy_z ?xyz_t))
       (= ?b (nrows (type-of ?y)))
       (= ?d (ncols (type-of ?z)))
       (= ?xyz_t (RankedTensor ? ?t)))
      ((let out_t (RankedTensor (vec-of ?b ?d) ?t))
       (union ?lhs (linalg_matmul ?x (linalg_matmul ?y ?z (tensor_empty out_t) out_t) ?xy_z ?xyz_t)))
        :ruleset rules )")
  (premises
    (Fiat (= t9 t9))
    (Rule
      (= t11 t11)
      (name
        "(rule ((= ?A (Value ?id ?t)))
      ((set (type-of ?A) ?t))
        :ruleset rules )")
      (premises (Fiat (= t2 t2)))
      (substitution (?A t2) (?id 1) t12))
    (Rule
      (= t13 t13)
      (name
        "(rule ((= ?t (RankedTensor ?shape ?tp)))
      ((set (nrows ?t) (vec-get ?shape 0))
       (set (ncols ?t) (vec-get ?shape 1)))
        :ruleset rules )")
      (premises (Fiat (= t1 t1)))
      (substitution t12 (?shape (vec-of 77 99)) (?tp (I32))))
    (Fiat (= 77 77))
    (Rule
      (= t14 t14)
      (name
        "(rule ((= ?A (Value ?id ?t)))
      ((set (type-of ?A) ?t))
        :ruleset rules )")
      (premises (Fiat (= t6 t6)))
      (substitution (?A t6) (?id 2) t15))
    (Rule
      (= t16 t16)
      (name
        "(rule ((= ?t (RankedTensor ?shape ?tp)))
      ((set (nrows ?t) (vec-get ?shape 0))
       (set (ncols ?t) (vec-get ?shape 1)))
        :ruleset rules )")
      (premises (Fiat (= t5 t5)))
      (substitution t15 (?shape (vec-of 99 39)) (?tp (I32))))
    (Fiat (= 39 39))
    (Fiat (= t7 t7)))
  (substitution
    (?lhs t9)
    (?x t0)
    (?y t2)
    (?xy t4)
    (?xy_t t3)
    (?z t6)
    (?xy_z t8)
    (?xyz_t t7)
    (@n6 t1)
    (@n7 77)
    (?b 77)
    (@n8 t5)
    (@n9 39)
    (?d 39)
    (? (vec-of 73 39))
    (?t (I32))))
